13:48:22 **** Incremental Build of configuration Debug for project dmacalisma2 ****
make -j16 all 
arm-none-eabi-gcc "../Core/Src/main.c" -mcpu=cortex-m0plus -std=gnu11 -g3 -DDEBUG -DUSE_HAL_DRIVER -DSTM32G071xx -c -I../Core/Inc -I../Drivers/STM32G0xx_HAL_Driver/Inc -I../Drivers/STM32G0xx_HAL_Driver/Inc/Legacy -I../Drivers/CMSIS/Device/ST/STM32G0xx/Include -I../Drivers/CMSIS/Include -O0 -ffunction-sections -fdata-sections -Wall -fstack-usage -fcyclomatic-complexity -MMD -MP -MF"Core/Src/main.d" -MT"Core/Src/main.o" --specs=nano.specs -mfloat-abi=soft -mthumb -o "Core/Src/main.o"
arm-none-eabi-gcc -o "dmacalisma2.elf" @"objects.list"   -mcpu=cortex-m0plus -T"C:\Users\o1yus\OneDrive\Desktop\Workspace\dmacalisma2\STM32G071RBTX_FLASH.ld" --specs=nosys.specs -Wl,-Map="dmacalisma2.map" -Wl,--gc-sections -static --specs=nano.specs -mfloat-abi=soft -mthumb -Wl,--start-group -lc -lm -Wl,--end-group
Finished building target: dmacalisma2.elf
 
arm-none-eabi-size  dmacalisma2.elf 
arm-none-eabi-objdump -h -S dmacalisma2.elf  > "dmacalisma2.list"
   text	   data	    bss	    dec	    hex	filename
  10332	     12	   1764	  12108	   2f4c	dmacalisma2.elf
Finished building: default.size.stdout
 
Finished building: dmacalisma2.list
 
13:48:27 **** Incremental Build of configuration Debug for project dmacalisma2 ****
make -j16 all 
arm-none-eabi-size  dmacalisma2.elf 
   text	   data	    bss	    dec	    hex	filename
  10332	     12	   1764	  12108	   2f4c	dmacalisma2.elf
Finished building: default.size.stdout
 
13:52:59 **** Incremental Build of configuration Debug for project dmacalisma2 ****
make -j16 all 
arm-none-eabi-gcc "../Core/Src/main.c" -mcpu=cortex-m0plus -std=gnu11 -g3 -DDEBUG -DUSE_HAL_DRIVER -DSTM32G071xx -c -I../Core/Inc -I../Drivers/STM32G0xx_HAL_Driver/Inc -I../Drivers/STM32G0xx_HAL_Driver/Inc/Legacy -I../Drivers/CMSIS/Device/ST/STM32G0xx/Include -I../Drivers/CMSIS/Include -O0 -ffunction-sections -fdata-sections -Wall -fstack-usage -fcyclomatic-complexity -MMD -MP -MF"Core/Src/main.d" -MT"Core/Src/main.o" --specs=nano.specs -mfloat-abi=soft -mthumb -o "Core/Src/main.o"
arm-none-eabi-gcc "../Core/Src/stm32g0xx_hal_msp.c" -mcpu=cortex-m0plus -std=gnu11 -g3 -DDEBUG -DUSE_HAL_DRIVER -DSTM32G071xx -c -I../Core/Inc -I../Drivers/STM32G0xx_HAL_Driver/Inc -I../Drivers/STM32G0xx_HAL_Driver/Inc/Legacy -I../Drivers/CMSIS/Device/ST/STM32G0xx/Include -I../Drivers/CMSIS/Include -O0 -ffunction-sections -fdata-sections -Wall -fstack-usage -fcyclomatic-complexity -MMD -MP -MF"Core/Src/stm32g0xx_hal_msp.d" -MT"Core/Src/stm32g0xx_hal_msp.o" --specs=nano.specs -mfloat-abi=soft -mthumb -o "Core/Src/stm32g0xx_hal_msp.o"
arm-none-eabi-gcc -o "dmacalisma2.elf" @"objects.list"   -mcpu=cortex-m0plus -T"C:\Users\o1yus\OneDrive\Desktop\Workspace\dmacalisma2\STM32G071RBTX_FLASH.ld" --specs=nosys.specs -Wl,-Map="dmacalisma2.map" -Wl,--gc-sections -static --specs=nano.specs -mfloat-abi=soft -mthumb -Wl,--start-group -lc -lm -Wl,--end-group
Finished building target: dmacalisma2.elf
 
arm-none-eabi-size  dmacalisma2.elf 
arm-none-eabi-objdump -h -S dmacalisma2.elf  > "dmacalisma2.list"
   text	   data	    bss	    dec	    hex	filename
  10328	     12	   1764	  12104	   2f48	dmacalisma2.elf
Finished building: default.size.stdout
 
Finished building: dmacalisma2.list
 
