00:24:54 **** Incremental Build of configuration Debug for project i2cled ****
make -j16 all 
arm-none-eabi-gcc "../Core/Src/fonts.c" -mcpu=cortex-m3 -std=gnu11 -g3 -DDEBUG -DUSE_HAL_DRIVER -DSTM32F103xB -c -I../Core/Inc -I../Drivers/STM32F1xx_HAL_Driver/Inc/Legacy -I../Drivers/STM32F1xx_HAL_Driver/Inc -I../Drivers/CMSIS/Device/ST/STM32F1xx/Include -I../Drivers/CMSIS/Include -O0 -ffunction-sections -fdata-sections -Wall -fstack-usage -fcyclomatic-complexity -MMD -MP -MF"Core/Src/fonts.d" -MT"Core/Src/fonts.o" --specs=nano.specs -mfloat-abi=soft -mthumb -o "Core/Src/fonts.o"
arm-none-eabi-gcc "../Core/Src/main.c" -mcpu=cortex-m3 -std=gnu11 -g3 -DDEBUG -DUSE_HAL_DRIVER -DSTM32F103xB -c -I../Core/Inc -I../Drivers/STM32F1xx_HAL_Driver/Inc/Legacy -I../Drivers/STM32F1xx_HAL_Driver/Inc -I../Drivers/CMSIS/Device/ST/STM32F1xx/Include -I../Drivers/CMSIS/Include -O0 -ffunction-sections -fdata-sections -Wall -fstack-usage -fcyclomatic-complexity -MMD -MP -MF"Core/Src/main.d" -MT"Core/Src/main.o" --specs=nano.specs -mfloat-abi=soft -mthumb -o "Core/Src/main.o"
arm-none-eabi-gcc "../Core/Src/ssd1306.c" -mcpu=cortex-m3 -std=gnu11 -g3 -DDEBUG -DUSE_HAL_DRIVER -DSTM32F103xB -c -I../Core/Inc -I../Drivers/STM32F1xx_HAL_Driver/Inc/Legacy -I../Drivers/STM32F1xx_HAL_Driver/Inc -I../Drivers/CMSIS/Device/ST/STM32F1xx/Include -I../Drivers/CMSIS/Include -O0 -ffunction-sections -fdata-sections -Wall -fstack-usage -fcyclomatic-complexity -MMD -MP -MF"Core/Src/ssd1306.d" -MT"Core/Src/ssd1306.o" --specs=nano.specs -mfloat-abi=soft -mthumb -o "Core/Src/ssd1306.o"
../Core/Src/ssd1306.c: In function 'ssd1306_WriteCommand':
../Core/Src/ssd1306.c:8:24: error: 'hi2c1' undeclared (first use in this function)
    8 |     HAL_I2C_Mem_Write(&hi2c1, SSD1306_I2C_ADDR << 1, 0x00, 1, &command, 1, HAL_MAX_DELAY);
      |                        ^~~~~
../Core/Src/ssd1306.c:8:24: note: each undeclared identifier is reported only once for each function it appears in
../Core/Src/ssd1306.c: In function 'ssd1306_UpdateScreen':
../Core/Src/ssd1306.c:54:28: error: 'hi2c1' undeclared (first use in this function)
   54 |         HAL_I2C_Mem_Write(&hi2c1, SSD1306_I2C_ADDR << 1, 0x40, 1, &SSD1306_Buffer[SSD1306_WIDTH * i], SSD1306_WIDTH, HAL_MAX_DELAY);
      |                            ^~~~~
../Core/Src/ssd1306.c: At top level:
../Core/Src/ssd1306.c:59:6: error: conflicting types for 'ssd1306_Fill'; have 'void(uint8_t)' {aka 'void(unsigned char)'}
   59 | void ssd1306_Fill(uint8_t color) {
      |      ^~~~~~~~~~~~
../Core/Src/main.c: In function 'main':
In file included from ../Core/Src/ssd1306.c:1:
../Core/Inc/ssd1306.h:19:6: note: previous declaration of 'ssd1306_Fill' with type 'void(uint16_t)' {aka 'void(short unsigned int)'}
   19 | void ssd1306_Fill(uint16_t color);
      |      ^~~~~~~~~~~~
../Core/Src/main.c:95:3: warning: implicit declaration of function 'SSD1306_Init'; did you mean 'ssd1306_Init'? [-Wimplicit-function-declaration]
   95 |   SSD1306_Init();
      |   ^~~~~~~~~~~~
      |   ssd1306_Init
../Core/Src/main.c:98:16: error: 'SSD1306_COLOR_BLACK' undeclared (first use in this function)
   98 |   ssd1306_Fill(SSD1306_COLOR_BLACK);
      |                ^~~~~~~~~~~~~~~~~~~
../Core/Src/main.c:98:16: note: each undeclared identifier is reported only once for each function it appears in
../Core/Src/ssd1306.c: In function 'ssd1306_Fill':
../Core/Src/ssd1306.c:61:39: error: 'SSD1306_COLOR_WHITE' undeclared (first use in this function)
   61 |         SSD1306_Buffer[i] = (color == SSD1306_COLOR_WHITE) ? 0xFF : 0x00;
      |                                       ^~~~~~~~~~~~~~~~~~~
../Core/Src/ssd1306.c: At top level:
../Core/Src/ssd1306.c:66:6: error: conflicting types for 'ssd1306_SetCursor'; have 'void(uint8_t,  uint8_t)' {aka 'void(unsigned char,  unsigned char)'}
   66 | void ssd1306_SetCursor(uint8_t x, uint8_t y) {
      |      ^~~~~~~~~~~~~~~~~
../Core/Inc/ssd1306.h:16:6: note: previous declaration of 'ssd1306_SetCursor' with type 'void(uint16_t,  uint16_t)' {aka 'void(short unsigned int,  short unsigned int)'}
   16 | void ssd1306_SetCursor(uint16_t x, uint16_t y);
      |      ^~~~~~~~~~~~~~~~~
../Core/Src/ssd1306.c:71:6: error: conflicting types for 'ssd1306_WriteString'; have 'void(const char *, FontDef,  uint8_t)' {aka 'void(const char *, FontDef,  unsigned char)'}
   71 | void ssd1306_WriteString(const char* str, FontDef Font, uint8_t color) {
      |      ^~~~~~~~~~~~~~~~~~~
../Core/Inc/ssd1306.h:17:6: note: previous declaration of 'ssd1306_WriteString' with type 'void(const char *, FontDef,  uint16_t)' {aka 'void(const char *, FontDef,  short unsigned int)'}
   17 | void ssd1306_WriteString(const char* str, FontDef Font, uint16_t color);
      |      ^~~~~~~~~~~~~~~~~~~
make: *** [Core/Src/subdir.mk:40: Core/Src/ssd1306.o] Error 1
make: *** Waiting for unfinished jobs....
../Core/Src/main.c:103:49: error: 'SSD1306_COLOR_WHITE' undeclared (first use in this function)
  103 |      ssd1306_WriteString("Merhaba", Font_11x18, SSD1306_COLOR_WHITE);
      |                                                 ^~~~~~~~~~~~~~~~~~~
make: *** [Core/Src/subdir.mk:40: Core/Src/main.o] Error 1
"make -j16 all" terminated with exit code 2. Build might be incomplete.

00:24:55 Build Failed. 11 errors, 1 warnings. (took 315ms)

